TrajCompress-SP 轨迹压缩算法综合测试程序
====================================================================================================

====================================================================================================
开始测试所有数据集
====================================================================================================
总数据集数量: 15
统一误差阈值: 1.000000e-05 度 (约 1.11 米)

----------------------------------------------------------------------------------------------------
正在测试: Geolife (原始)
----------------------------------------------------------------------------------------------------
成功加载 100000 个GPS点（带时间戳）
  [1/6] 数据加载完成
  [2/6] TrajCompress-SP 完成 (max_err=1.41e-05)
